// Jest Snapshot v1, https://goo.gl/fbAQLP

exports[`expect to render Card component 1`] = `
<div
  className="card-list"
>
  <Card
    key="0"
    monster={
      Object {
        "email": "124@.gmail.com",
        "id": "1",
        "name": "John Snow",
        "username": "JohnLeviev",
      }
    }
  />
</div>
`;

exports[`expect to render Card-list component 1`] = `
<div
  className="card-list"
>
  <Card
    key="0"
    monster={
      Object {
        "email": "124@.gmail.com",
        "id": "1",
        "name": "John Snow",
        "username": "JohnLeviev",
      }
    }
  />
</div>
`;
