// Jest Snapshot v1, https://goo.gl/fbAQLP

exports[`expect to render app component 1`] = `
<div
  className="App"
>
  <button
    id="counter"
    onClick={[Function]}
  >
    counter++
    0
  </button>
  <h1
    className="app-title"
  >
    Monsters Rolodex
  </h1>
  <SearchBox
    className="search-box"
    onChangeHandler={[Function]}
    placeholder="search monsters"
  />
  <br />
  <SearchBox
    className="search-box"
    onChangeHandler={[Function]}
    placeholder="title"
  />
  <CardList
    monsters={Array []}
  />
</div>
`;
